
> server@1.0.0 dev
> nodemon src/index.ts

[33m[nodemon] 3.1.11[39m
[33m[nodemon] to restart at any time, enter `rs`[39m
[33m[nodemon] watching path(s): *.*[39m
[33m[nodemon] watching extensions: ts,json[39m
[32m[nodemon] starting `ts-node src/index.ts`[39m
[dotenv@17.3.1] injecting env (5) from .env -- tip: 🔐 prevent building .env in docker: https://dotenvx.com/prebuild
[dotenv@17.3.1] injecting env (0) from .env -- tip: 🔐 prevent committing .env to code: https://dotenvx.com/precommit
Prisma Utils: connectionString loaded from env? true
Prisma Utils: connectionString prefix: postgresql://ne...
C:\Users\paree\OneDrive\Desktop\Vemgal Mart\server\node_modules\ts-node\src\index.ts:859
    return new TSError(diagnosticText, diagnosticCodes, diagnostics);
           ^
TSError: ⨯ Unable to compile TypeScript:
src/controllers/orderController.ts(23,22): error TS2339: Property 'email' does not exist on type '{ id: string; role: string; }'.
src/controllers/orderController.ts(25,28): error TS2339: Property 'name' does not exist on type '{ id: string; role: string; }'.
src/controllers/orderController.ts(28,22): error TS2339: Property 'phone' does not exist on type '{ id: string; role: string; }'.
src/controllers/orderController.ts(29,30): error TS2339: Property 'phone' does not exist on type '{ id: string; role: string; }'.

    at createTSError (C:\Users\paree\OneDrive\Desktop\Vemgal Mart\server\node_modules\ts-node\src\index.ts:859:12)
    at reportTSError (C:\Users\paree\OneDrive\Desktop\Vemgal Mart\server\node_modules\ts-node\src\index.ts:863:19)
    at getOutput (C:\Users\paree\OneDrive\Desktop\Vemgal Mart\server\node_modules\ts-node\src\index.ts:1077:36)
    at Object.compile (C:\Users\paree\OneDrive\Desktop\Vemgal Mart\server\node_modules\ts-node\src\index.ts:1433:41)
    at Module.m._compile (C:\Users\paree\OneDrive\Desktop\Vemgal Mart\server\node_modules\ts-node\src\index.ts:1617:30)
    at node:internal/modules/cjs/loader:1839:10
    at Object.require.extensions.<computed> [as .ts] (C:\Users\paree\OneDrive\Desktop\Vemgal Mart\server\node_modules\ts-node\src\index.ts:1621:12)
    at Module.load (node:internal/modules/cjs/loader:1441:32)
    at Function._load (node:internal/modules/cjs/loader:1263:12)
    at TracingChannel.traceSync (node:diagnostics_channel:322:14) {
  diagnosticCodes: [ 2339, 2339, 2339, 2339 ]
}
[31m[nodemon] app crashed - waiting for file changes before starting...[39m
[32m[nodemon] restarting due to changes...[39m
[32m[nodemon] starting `ts-node src/index.ts`[39m
[32m[nodemon] restarting due to changes...[39m
[32m[nodemon] starting `ts-node src/index.ts`[39m
[dotenv@17.3.1] injecting env (5) from .env -- tip: 🛡️ auth for agents: https://vestauth.com
[dotenv@17.3.1] injecting env (0) from .env -- tip: ⚙️  suppress all logs with { quiet: true }
Prisma Utils: connectionString loaded from env? true
Prisma Utils: connectionString prefix: postgresql://ne...
C:\Users\paree\OneDrive\Desktop\Vemgal Mart\server\node_modules\ts-node\src\index.ts:859
    return new TSError(diagnosticText, diagnosticCodes, diagnostics);
           ^
TSError: ⨯ Unable to compile TypeScript:
src/controllers/orderController.ts(23,22): error TS2339: Property 'email' does not exist on type '{ id: string; role: string; }'.
src/controllers/orderController.ts(25,28): error TS2339: Property 'name' does not exist on type '{ id: string; role: string; }'.
src/controllers/orderController.ts(28,22): error TS2339: Property 'phone' does not exist on type '{ id: string; role: string; }'.
src/controllers/orderController.ts(29,30): error TS2339: Property 'phone' does not exist on type '{ id: string; role: string; }'.

    at createTSError (C:\Users\paree\OneDrive\Desktop\Vemgal Mart\server\node_modules\ts-node\src\index.ts:859:12)
    at reportTSError (C:\Users\paree\OneDrive\Desktop\Vemgal Mart\server\node_modules\ts-node\src\index.ts:863:19)
    at getOutput (C:\Users\paree\OneDrive\Desktop\Vemgal Mart\server\node_modules\ts-node\src\index.ts:1077:36)
    at Object.compile (C:\Users\paree\OneDrive\Desktop\Vemgal Mart\server\node_modules\ts-node\src\index.ts:1433:41)
    at Module.m._compile (C:\Users\paree\OneDrive\Desktop\Vemgal Mart\server\node_modules\ts-node\src\index.ts:1617:30)
    at node:internal/modules/cjs/loader:1839:10
    at Object.require.extensions.<computed> [as .ts] (C:\Users\paree\OneDrive\Desktop\Vemgal Mart\server\node_modules\ts-node\src\index.ts:1621:12)
    at Module.load (node:internal/modules/cjs/loader:1441:32)
    at Function._load (node:internal/modules/cjs/loader:1263:12)
    at TracingChannel.traceSync (node:diagnostics_channel:322:14) {
  diagnosticCodes: [ 2339, 2339, 2339, 2339 ]
}
[31m[nodemon] app crashed - waiting for file changes before starting...[39m
[32m[nodemon] restarting due to changes...[39m
[32m[nodemon] starting `ts-node src/index.ts`[39m
[dotenv@17.3.1] injecting env (5) from .env -- tip: ⚡️ secrets for agents: https://dotenvx.com/as2
[dotenv@17.3.1] injecting env (0) from .env -- tip: ⚙️  load multiple .env files with { path: ['.env.local', '.env'] }
Prisma Utils: connectionString loaded from env? true
Prisma Utils: connectionString prefix: postgresql://ne...
C:\Users\paree\OneDrive\Desktop\Vemgal Mart\server\node_modules\ts-node\src\index.ts:859
    return new TSError(diagnosticText, diagnosticCodes, diagnostics);
           ^
TSError: ⨯ Unable to compile TypeScript:
src/controllers/orderController.ts(23,22): error TS2339: Property 'email' does not exist on type '{ id: string; role: string; }'.
src/controllers/orderController.ts(25,28): error TS2339: Property 'name' does not exist on type '{ id: string; role: string; }'.
src/controllers/orderController.ts(28,22): error TS2339: Property 'phone' does not exist on type '{ id: string; role: string; }'.
src/controllers/orderController.ts(29,30): error TS2339: Property 'phone' does not exist on type '{ id: string; role: string; }'.

    at createTSError (C:\Users\paree\OneDrive\Desktop\Vemgal Mart\server\node_modules\ts-node\src\index.ts:859:12)
    at reportTSError (C:\Users\paree\OneDrive\Desktop\Vemgal Mart\server\node_modules\ts-node\src\index.ts:863:19)
    at getOutput (C:\Users\paree\OneDrive\Desktop\Vemgal Mart\server\node_modules\ts-node\src\index.ts:1077:36)
    at Object.compile (C:\Users\paree\OneDrive\Desktop\Vemgal Mart\server\node_modules\ts-node\src\index.ts:1433:41)
    at Module.m._compile (C:\Users\paree\OneDrive\Desktop\Vemgal Mart\server\node_modules\ts-node\src\index.ts:1617:30)
    at node:internal/modules/cjs/loader:1839:10
    at Object.require.extensions.<computed> [as .ts] (C:\Users\paree\OneDrive\Desktop\Vemgal Mart\server\node_modules\ts-node\src\index.ts:1621:12)
    at Module.load (node:internal/modules/cjs/loader:1441:32)
    at Function._load (node:internal/modules/cjs/loader:1263:12)
    at TracingChannel.traceSync (node:diagnostics_channel:322:14) {
  diagnosticCodes: [ 2339, 2339, 2339, 2339 ]
}
[31m[nodemon] app crashed - waiting for file changes before starting...[39m
[32m[nodemon] restarting due to changes...[39m
[32m[nodemon] starting `ts-node src/index.ts`[39m
[dotenv@17.3.1] injecting env (5) from .env -- tip: 🔐 encrypt with Dotenvx: https://dotenvx.com
[dotenv@17.3.1] injecting env (0) from .env -- tip: ⚙️  write to custom object with { processEnv: myObject }
Prisma Utils: connectionString loaded from env? true
Prisma Utils: connectionString prefix: postgresql://ne...
C:\Users\paree\OneDrive\Desktop\Vemgal Mart\server\node_modules\ts-node\src\index.ts:859
    return new TSError(diagnosticText, diagnosticCodes, diagnostics);
           ^
TSError: ⨯ Unable to compile TypeScript:
src/controllers/orderController.ts(23,13): error TS2345: Argument of type 'string | undefined' is not assignable to parameter of type 'string'.
  Type 'undefined' is not assignable to type 'string'.

    at createTSError (C:\Users\paree\OneDrive\Desktop\Vemgal Mart\server\node_modules\ts-node\src\index.ts:859:12)
    at reportTSError (C:\Users\paree\OneDrive\Desktop\Vemgal Mart\server\node_modules\ts-node\src\index.ts:863:19)
    at getOutput (C:\Users\paree\OneDrive\Desktop\Vemgal Mart\server\node_modules\ts-node\src\index.ts:1077:36)
    at Object.compile (C:\Users\paree\OneDrive\Desktop\Vemgal Mart\server\node_modules\ts-node\src\index.ts:1433:41)
    at Module.m._compile (C:\Users\paree\OneDrive\Desktop\Vemgal Mart\server\node_modules\ts-node\src\index.ts:1617:30)
    at node:internal/modules/cjs/loader:1839:10
    at Object.require.extensions.<computed> [as .ts] (C:\Users\paree\OneDrive\Desktop\Vemgal Mart\server\node_modules\ts-node\src\index.ts:1621:12)
    at Module.load (node:internal/modules/cjs/loader:1441:32)
    at Function._load (node:internal/modules/cjs/loader:1263:12)
    at TracingChannel.traceSync (node:diagnostics_channel:322:14) {
  diagnosticCodes: [ 2345 ]
}
[31m[nodemon] app crashed - waiting for file changes before starting...[39m
[32m[nodemon] restarting due to changes...[39m
[32m[nodemon] starting `ts-node src/index.ts`[39m
[dotenv@17.3.1] injecting env (5) from .env -- tip: ⚙️  specify custom .env file path with { path: '/custom/path/.env' }
[dotenv@17.3.1] injecting env (0) from .env -- tip: ⚙️  specify custom .env file path with { path: '/custom/path/.env' }
Prisma Utils: connectionString loaded from env? true
Prisma Utils: connectionString prefix: postgresql://ne...
[dotenv@17.3.1] injecting env (0) from .env -- tip: ⚙️  write to custom object with { processEnv: myObject }
Server is running at http://localhost:5000
